// Jest Snapshot v1, https://goo.gl/fbAQLP

exports[`EtablissementHeader.vue Snapshot testing It match the snapshot 1`] = `
<div
  class="company"
>
  <div
    class="company__main"
  >
    <div
      class="title__block"
    >
      <h1>
        
        
        <span
          class="company__siren"
        >
          (
          <span />
          )
        </span>
      </h1>
       
      <!---->
       
      <div
        class="subtitle"
      >
        <div>
          
        </div>
         
        <div>
          
        </div>
      </div>
       
      <div
        class="second__subtitle"
      >
         
      </div>
       
      <!---->
       
      <etablissementsirenechildren-stub />
       
      <a>
         Fiche d'immatriculation au RNCS 
      </a>
    </div>
     
    <etablissementmap-stub
      etablissement="[object Object]"
    />
  </div>
</div>
`;
